[Mon Jan 02 2017 12:59:35 GMT-0500 (EST) ]:success
